// Jest Snapshot v1, https://goo.gl/fbAQLP

exports[`MenuItem component Should render MenuItem component 1`] = `
<MenuItemContainer
  onClick={[Function]}
  size="large"
>
  <BackgroundImageContainer
    className="background-image"
    imageUrl="www.test.com"
  />
  <styled.div
    className="content"
  >
    <styled.span>
      title
    </styled.span>
    <styled.span>
      SHOP NOW
    </styled.span>
  </styled.div>
</MenuItemContainer>
`;
